pip
youssef@youssef:~$ pip

Usage:   
  pip <command> [options]

Commands:
  install                     Install packages.
  download                    Download packages.
  uninstall                   Uninstall packages.
  freeze                      Output installed packages in requirements format.
  list                        List installed packages.
  show                        Show information about installed packages.
  check                       Verify installed packages have compatible dependencies.
  search                      Search PyPI for packages.
  wheel                       Build wheels from your requirements.
  hash                        Compute hashes of package archives.
  completion                  A helper command used for command completion.
  help                        Show help for commands.

General Options:
  -h, --help                  Show help.
  --isolated                  Run pip in an isolated mode, ignoring
                              environment variables and user configuration.
  -v, --verbose               Give more output. Option is additive, and can be
                              used up to 3 times.
  -V, --version               Show version and exit.
  -q, --quiet                 Give less output. Option is additive, and can be
                              used up to 3 times (corresponding to WARNING,
                              ERROR, and CRITICAL logging levels).
  --log <path>                Path to a verbose appending log.
  --proxy <proxy>             Specify a proxy in the form
                              [user:passwd@]proxy.server:port.
  --retries <retries>         Maximum number of retries each connection should
                              attempt (default 5 times).
  --timeout <sec>             Set the socket timeout (default 15 seconds).
  --exists-action <action>    Default action when a path already exists:
                              (s)witch, (i)gnore, (w)ipe, (b)ackup, (a)bort.
  --trusted-host <hostname>   Mark this host as trusted, even though it does
                              not have valid or any HTTPS.
  --cert <path>               Path to alternate CA bundle.
  --client-cert <path>        Path to SSL client certificate, a single file
                              containing the private key and the certificate
                              in PEM format.
  --cache-dir <dir>           Store the cache data in <dir>.
  --no-cache-dir              Disable the cache.
  --disable-pip-version-check
                              Don't periodically check PyPI to determine
                              whether a new version of pip is available for
                              download. Implied with --no-index.
youssef@youssef:~$ pip install pysdl2-dll
Collecting pysdl2-dll
  Cache entry deserialization failed, entry ignored
  Cache entry deserialization failed, entry ignored
  Downloading https://files.pythonhosted.org/packages/ca/b1/7a68fc92a999e9f0e8581d6fcca2becdc8332021eb8f3d332ab156c53eb0/pysdl2-dll-2.0.12.tar.gz
Building wheels for collected packages: pysdl2-dll
  Running setup.py bdist_wheel for pysdl2-dll ... done
  Stored in directory: /home/youssef/.cache/pip/wheels/49/7d/a7/706007f37de6905ff99c1978f0b5ad448e7ddde271689dcea1
Successfully built pysdl2-dll
Installing collected packages: pysdl2-dll
Exception:
Traceback (most recent call last):
  File "/home/youssef/.local/lib/python2.7/site-packages/pip/basecommand.py", line 215, in main
    status = self.run(options, args)
  File "/home/youssef/.local/lib/python2.7/site-packages/pip/commands/install.py", line 342, in run
    prefix=options.prefix_path,
  File "/home/youssef/.local/lib/python2.7/site-packages/pip/req/req_set.py", line 784, in install
    **kwargs
  File "/home/youssef/.local/lib/python2.7/site-packages/pip/req/req_install.py", line 851, in install
    self.move_wheel_files(self.source_dir, root=root, prefix=prefix)
  File "/home/youssef/.local/lib/python2.7/site-packages/pip/req/req_install.py", line 1064, in move_wheel_files
    isolated=self.isolated,
  File "/home/youssef/.local/lib/python2.7/site-packages/pip/wheel.py", line 345, in move_wheel_files
    clobber(source, lib_dir, True)
  File "/home/youssef/.local/lib/python2.7/site-packages/pip/wheel.py", line 316, in clobber
    ensure_dir(destdir)
  File "/home/youssef/.local/lib/python2.7/site-packages/pip/utils/__init__.py", line 83, in ensure_dir
    os.makedirs(path)
  File "/usr/lib/python2.7/os.py", line 157, in makedirs
    mkdir(name, mode)
OSError: [Errno 13] Permission denied: '/usr/local/lib/python2.7/dist-packages/pysdl2_dll-2.0.12.dist-info'
You are using pip version 9.0.1, however version 20.2.1 is available.
You should consider upgrading via the 'pip install --upgrade pip' command.
youssef@youssef:~$ sudo pip install pysdl2-dll
[sudo] password for youssef: 
The directory '/home/youssef/.cache/pip/http' or its parent directory is not owned by the current user and the cache has been disabled. Please check the permissions and owner of that directory. If executing pip with sudo, you may want sudo's -H flag.
The directory '/home/youssef/.cache/pip' or its parent directory is not owned by the current user and caching wheels has been disabled. check the permissions and owner of that directory. If executing pip with sudo, you may want sudo's -H flag.
Collecting pysdl2-dll
Installing collected packages: pysdl2-dll
Successfully installed pysdl2-dll-2.0.12
You are using pip version 9.0.1, however version 20.2.1 is available.
You should consider upgrading via the 'pip install --upgrade pip' command.
youssef@youssef:~$ mysql
ERROR 1045 (28000): Access denied for user 'youssef'@'localhost' (using password: NO)
youssef@youssef:~$ sudo mysql
[sudo] password for youssef: 
ERROR 1045 (28000): Access denied for user 'root'@'localhost' (using password: NO)
youssef@youssef:~$ sudo apt-get install phpmyadmin
[sudo] password for youssef: 
Reading package lists... Done
Building dependency tree       
Reading state information... Done
The following additional packages will be installed:
  dbconfig-common dbconfig-mysql libjs-sphinxdoc libjs-underscore libzip4 php php-bz2 php-curl php-gd php-mbstring php-pear php-php-gettext
  php-phpseclib php-tcpdf php-xml php-zip php7.2 php7.2-bz2 php7.2-curl php7.2-gd php7.2-mbstring php7.2-xml php7.2-zip
Suggested packages:
  php-libsodium php-mcrypt php-gmp php-imagick
The following NEW packages will be installed:
  dbconfig-common dbconfig-mysql libjs-sphinxdoc libjs-underscore libzip4 php php-bz2 php-curl php-gd php-mbstring php-pear php-php-gettext
  php-phpseclib php-tcpdf php-xml php-zip php7.2 php7.2-bz2 php7.2-curl php7.2-gd php7.2-mbstring php7.2-xml php7.2-zip phpmyadmin
0 upgraded, 24 newly installed, 0 to remove and 15 not upgraded.
Need to get 13.6 MB of archives.
After this operation, 53.4 MB of additional disk space will be used.
Do you want to continue? [Y/n] y
Get:1 http://lb.archive.ubuntu.com/ubuntu bionic/main amd64 dbconfig-common all 2.0.9 [601 kB]
Get:2 http://lb.archive.ubuntu.com/ubuntu bionic/universe amd64 dbconfig-mysql all 2.0.9 [1,038 B]
Get:3 http://lb.archive.ubuntu.com/ubuntu bionic/main amd64 libjs-underscore all 1.8.3~dfsg-1 [59.9 kB]
Get:4 http://lb.archive.ubuntu.com/ubuntu bionic/main amd64 libjs-sphinxdoc all 1.6.7-1ubuntu1 [85.6 kB]
Get:5 http://lb.archive.ubuntu.com/ubuntu bionic/universe amd64 libzip4 amd64 1.1.2-1.1 [37.8 kB]
Get:6 http://lb.archive.ubuntu.com/ubuntu bionic-updates/main amd64 php7.2 all 7.2.24-0ubuntu0.18.04.6 [9,244 B]
Get:7 http://lb.archive.ubuntu.com/ubuntu bionic/main amd64 php all 1:7.2+60ubuntu1 [3,084 B]
Get:8 http://lb.archive.ubuntu.com/ubuntu bionic-updates/universe amd64 php7.2-bz2 amd64 7.2.24-0ubuntu0.18.04.6 [10.2 kB]
Get:9 http://lb.archive.ubuntu.com/ubuntu bionic/universe amd64 php-bz2 all 1:7.2+60ubuntu1 [2,004 B]                                                
Get:10 http://lb.archive.ubuntu.com/ubuntu bionic-updates/main amd64 php7.2-curl amd64 7.2.24-0ubuntu0.18.04.6 [28.7 kB]                             
Get:11 http://lb.archive.ubuntu.com/ubuntu bionic/main amd64 php-curl all 1:7.2+60ubuntu1 [1,996 B]                                                  
Get:12 http://lb.archive.ubuntu.com/ubuntu bionic-updates/main amd64 php7.2-gd amd64 7.2.24-0ubuntu0.18.04.6 [27.1 kB]                               
Get:13 http://lb.archive.ubuntu.com/ubuntu bionic/main amd64 php-gd all 1:7.2+60ubuntu1 [1,996 B]                                                    
Get:14 http://lb.archive.ubuntu.com/ubuntu bionic-updates/universe amd64 php7.2-mbstring amd64 7.2.24-0ubuntu0.18.04.6 [477 kB]                      
Get:15 http://lb.archive.ubuntu.com/ubuntu bionic/universe amd64 php-mbstring all 1:7.2+60ubuntu1 [2,008 B]                                          
Get:16 http://lb.archive.ubuntu.com/ubuntu bionic-updates/main amd64 php7.2-xml amd64 7.2.24-0ubuntu0.18.04.6 [107 kB]                               
Get:17 http://lb.archive.ubuntu.com/ubuntu bionic/universe amd64 php-xml all 1:7.2+60ubuntu1 [2,024 B]                                               
Get:18 http://lb.archive.ubuntu.com/ubuntu bionic-updates/main amd64 php-pear all 1:1.10.5+submodules+notgz-1ubuntu1.18.04.1 [284 kB]                
Get:19 http://lb.archive.ubuntu.com/ubuntu bionic/universe amd64 php-php-gettext all 1.0.12-0.1 [16.2 kB]                                            
Get:20 http://lb.archive.ubuntu.com/ubuntu bionic/universe amd64 php-phpseclib all 2.0.9-1 [176 kB]                                                  
Get:21 http://lb.archive.ubuntu.com/ubuntu bionic/universe amd64 php-tcpdf all 6.2.13+dfsg-1ubuntu1 [7,791 kB]                                       
Get:22 http://lb.archive.ubuntu.com/ubuntu bionic-updates/universe amd64 php7.2-zip amd64 7.2.24-0ubuntu0.18.04.6 [20.4 kB]                          
Get:23 http://lb.archive.ubuntu.com/ubuntu bionic/universe amd64 php-zip all 1:7.2+60ubuntu1 [1,996 B]                                               
Get:24 http://lb.archive.ubuntu.com/ubuntu bionic/universe amd64 phpmyadmin all 4:4.6.6-5 [3,861 kB]                                                 
Fetched 13.6 MB in 1min 11s (192 kB/s)                                                                                                               
Preconfiguring packages ...
Selecting previously unselected package dbconfig-common.
(Reading database ... 240173 files and directories currently installed.)
Preparing to unpack .../00-dbconfig-common_2.0.9_all.deb ...
Unpacking dbconfig-common (2.0.9) ...
Selecting previously unselected package dbconfig-mysql.
Preparing to unpack .../01-dbconfig-mysql_2.0.9_all.deb ...
Unpacking dbconfig-mysql (2.0.9) ...
Selecting previously unselected package libjs-underscore.
Preparing to unpack .../02-libjs-underscore_1.8.3~dfsg-1_all.deb ...
Unpacking libjs-underscore (1.8.3~dfsg-1) ...
Selecting previously unselected package libjs-sphinxdoc.
Preparing to unpack .../03-libjs-sphinxdoc_1.6.7-1ubuntu1_all.deb ...
Unpacking libjs-sphinxdoc (1.6.7-1ubuntu1) ...
Selecting previously unselected package libzip4:amd64.
Preparing to unpack .../04-libzip4_1.1.2-1.1_amd64.deb ...
Unpacking libzip4:amd64 (1.1.2-1.1) ...
Selecting previously unselected package php7.2.
Preparing to unpack .../05-php7.2_7.2.24-0ubuntu0.18.04.6_all.deb ...
Unpacking php7.2 (7.2.24-0ubuntu0.18.04.6) ...
Selecting previously unselected package php.
Preparing to unpack .../06-php_1%3a7.2+60ubuntu1_all.deb ...
Unpacking php (1:7.2+60ubuntu1) ...
Selecting previously unselected package php7.2-bz2.
Preparing to unpack .../07-php7.2-bz2_7.2.24-0ubuntu0.18.04.6_amd64.deb ...
Unpacking php7.2-bz2 (7.2.24-0ubuntu0.18.04.6) ...
Selecting previously unselected package php-bz2.
Preparing to unpack .../08-php-bz2_1%3a7.2+60ubuntu1_all.deb ...
Unpacking php-bz2 (1:7.2+60ubuntu1) ...
Selecting previously unselected package php7.2-curl.
Preparing to unpack .../09-php7.2-curl_7.2.24-0ubuntu0.18.04.6_amd64.deb ...
Unpacking php7.2-curl (7.2.24-0ubuntu0.18.04.6) ...
Selecting previously unselected package php-curl.
Preparing to unpack .../10-php-curl_1%3a7.2+60ubuntu1_all.deb ...
Unpacking php-curl (1:7.2+60ubuntu1) ...
Selecting previously unselected package php7.2-gd.
Preparing to unpack .../11-php7.2-gd_7.2.24-0ubuntu0.18.04.6_amd64.deb ...
Unpacking php7.2-gd (7.2.24-0ubuntu0.18.04.6) ...
Selecting previously unselected package php-gd.
Preparing to unpack .../12-php-gd_1%3a7.2+60ubuntu1_all.deb ...
Unpacking php-gd (1:7.2+60ubuntu1) ...
Selecting previously unselected package php7.2-mbstring.
Preparing to unpack .../13-php7.2-mbstring_7.2.24-0ubuntu0.18.04.6_amd64.deb ...
Unpacking php7.2-mbstring (7.2.24-0ubuntu0.18.04.6) ...
Selecting previously unselected package php-mbstring.
Preparing to unpack .../14-php-mbstring_1%3a7.2+60ubuntu1_all.deb ...
Unpacking php-mbstring (1:7.2+60ubuntu1) ...
Selecting previously unselected package php7.2-xml.
Preparing to unpack .../15-php7.2-xml_7.2.24-0ubuntu0.18.04.6_amd64.deb ...
Unpacking php7.2-xml (7.2.24-0ubuntu0.18.04.6) ...
Selecting previously unselected package php-xml.
Preparing to unpack .../16-php-xml_1%3a7.2+60ubuntu1_all.deb ...
Unpacking php-xml (1:7.2+60ubuntu1) ...
Selecting previously unselected package php-pear.
Preparing to unpack .../17-php-pear_1%3a1.10.5+submodules+notgz-1ubuntu1.18.04.1_all.deb ...
Unpacking php-pear (1:1.10.5+submodules+notgz-1ubuntu1.18.04.1) ...
Selecting previously unselected package php-php-gettext.
Preparing to unpack .../18-php-php-gettext_1.0.12-0.1_all.deb ...
Unpacking php-php-gettext (1.0.12-0.1) ...
Selecting previously unselected package php-phpseclib.
Preparing to unpack .../19-php-phpseclib_2.0.9-1_all.deb ...
Unpacking php-phpseclib (2.0.9-1) ...
Selecting previously unselected package php-tcpdf.
Preparing to unpack .../20-php-tcpdf_6.2.13+dfsg-1ubuntu1_all.deb ...
Unpacking php-tcpdf (6.2.13+dfsg-1ubuntu1) ...
Selecting previously unselected package php7.2-zip.
Preparing to unpack .../21-php7.2-zip_7.2.24-0ubuntu0.18.04.6_amd64.deb ...
Unpacking php7.2-zip (7.2.24-0ubuntu0.18.04.6) ...
Selecting previously unselected package php-zip.
Preparing to unpack .../22-php-zip_1%3a7.2+60ubuntu1_all.deb ...
Unpacking php-zip (1:7.2+60ubuntu1) ...
Selecting previously unselected package phpmyadmin.
Preparing to unpack .../23-phpmyadmin_4%3a4.6.6-5_all.deb ...
Unpacking phpmyadmin (4:4.6.6-5) ...
Setting up php-tcpdf (6.2.13+dfsg-1ubuntu1) ...
Setting up php7.2-gd (7.2.24-0ubuntu0.18.04.6) ...

Creating config file /etc/php/7.2/mods-available/gd.ini with new version
Setting up php7.2-xml (7.2.24-0ubuntu0.18.04.6) ...

Creating config file /etc/php/7.2/mods-available/dom.ini with new version

Creating config file /etc/php/7.2/mods-available/simplexml.ini with new version

Creating config file /etc/php/7.2/mods-available/wddx.ini with new version

Creating config file /etc/php/7.2/mods-available/xml.ini with new version

Creating config file /etc/php/7.2/mods-available/xmlreader.ini with new version

Creating config file /etc/php/7.2/mods-available/xmlwriter.ini with new version

Creating config file /etc/php/7.2/mods-available/xsl.ini with new version
Setting up php-phpseclib (2.0.9-1) ...
Setting up libjs-underscore (1.8.3~dfsg-1) ...
Setting up php7.2-curl (7.2.24-0ubuntu0.18.04.6) ...

Creating config file /etc/php/7.2/mods-available/curl.ini with new version
Setting up libjs-sphinxdoc (1.6.7-1ubuntu1) ...
Setting up php-curl (1:7.2+60ubuntu1) ...
Setting up php7.2-mbstring (7.2.24-0ubuntu0.18.04.6) ...

Creating config file /etc/php/7.2/mods-available/mbstring.ini with new version
Setting up php-xml (1:7.2+60ubuntu1) ...
Setting up libzip4:amd64 (1.1.2-1.1) ...
Setting up php7.2-bz2 (7.2.24-0ubuntu0.18.04.6) ...

Creating config file /etc/php/7.2/mods-available/bz2.ini with new version
Setting up php7.2 (7.2.24-0ubuntu0.18.04.6) ...
Setting up php-mbstring (1:7.2+60ubuntu1) ...
Setting up php-pear (1:1.10.5+submodules+notgz-1ubuntu1.18.04.1) ...
Setting up php-gd (1:7.2+60ubuntu1) ...
Setting up dbconfig-common (2.0.9) ...

Creating config file /etc/dbconfig-common/config with new version
Setting up dbconfig-mysql (2.0.9) ...
Setting up php7.2-zip (7.2.24-0ubuntu0.18.04.6) ...

Creating config file /etc/php/7.2/mods-available/zip.ini with new version
Setting up php-php-gettext (1.0.12-0.1) ...
Setting up php-bz2 (1:7.2+60ubuntu1) ...
Setting up php-zip (1:7.2+60ubuntu1) ...
Setting up phpmyadmin (4:4.6.6-5) ...
Determining localhost credentials from /etc/mysql/debian.cnf: succeeded.
dbconfig-common: writing config to /etc/dbconfig-common/phpmyadmin.conf

Creating config file /etc/dbconfig-common/phpmyadmin.conf with new version

Creating config file /etc/phpmyadmin/config-db.php with new version
checking privileges on database phpmyadmin for phpmyadmin@localhost: user creation needed.
granting access to database phpmyadmin for phpmyadmin@localhost: success.
verifying access for phpmyadmin@localhost: success.
creating database phpmyadmin: success.
verifying database phpmyadmin exists: success.
populating database via sql...  done.
dbconfig-common: flushing administrative password
Setting up php (1:7.2+60ubuntu1) ...
Processing triggers for doc-base (0.10.8) ...
Processing 4 added doc-base files...
Processing triggers for man-db (2.8.3-2ubuntu0.1) ...
Processing triggers for libapache2-mod-php7.2 (7.2.24-0ubuntu0.18.04.6) ...
Processing triggers for hicolor-icon-theme (0.17-2) ...
Processing triggers for libc-bin (2.27-3ubuntu1.2) ...
youssef@youssef:~$ sudo apt update
Get:1 http://security.ubuntu.com/ubuntu bionic-security InRelease [88.7 kB]
Hit:2 http://ppa.launchpad.net/jonathonf/backports/ubuntu bionic InRelease                                                   
Hit:3 http://lb.archive.ubuntu.com/ubuntu bionic InRelease                                                                   
Hit:4 https://repo.skype.com/deb stable InRelease                                                                                 
Hit:5 http://lb.archive.ubuntu.com/ubuntu bionic-updates InRelease                              
Fetched 88.7 kB in 2s (57.4 kB/s)                  
Reading package lists... Done
Building dependency tree       
Reading state information... Done
15 packages can be upgraded. Run 'apt list --upgradable' to see them.
youssef@youssef:~$ sudo apt install mysql-server
Reading package lists... Done
Building dependency tree       
Reading state information... Done
mysql-server is already the newest version (5.7.31-0ubuntu0.18.04.1).
0 upgraded, 0 newly installed, 0 to remove and 15 not upgraded.
youssef@youssef:~$ sudo mysql_secure_installation

Securing the MySQL server deployment.

Enter password for user root: 
Error: Access denied for user 'root'@'localhost' (using password: YES)
youssef@youssef:~$ sudo mysql_secure_installation

Securing the MySQL server deployment.

Enter password for user root: 
Error: Access denied for user 'root'@'localhost' (using password: NO)
youssef@youssef:~$ sudo mysql_secure_installation

Securing the MySQL server deployment.

Enter password for user root: 
Error: Access denied for user 'root'@'localhost' (using password: YES)
youssef@youssef:~$ sudo mysql_secure_installation

Securing the MySQL server deployment.

Enter password for user root: 
Error: Access denied for user 'root'@'localhost' (using password: YES)
youssef@youssef:~$ sudo mysql_secure_installation

Securing the MySQL server deployment.

Enter password for user root: 
Error: Access denied for user 'root'@'localhost' (using password: YES)
youssef@youssef:~$ mysql
ERROR 1045 (28000): Access denied for user 'youssef'@'localhost' (using password: NO)
youssef@youssef:~$ mysql -u root -p
Enter password: 
ERROR 1045 (28000): Access denied for user 'root'@'localhost' (using password: NO)
youssef@youssef:~$ mysql -u root -p
Enter password: 
ERROR 1045 (28000): Access denied for user 'root'@'localhost' (using password: YES)
youssef@youssef:~$ sudo mysql -u root -p
Enter password: 
ERROR 1045 (28000): Access denied for user 'root'@'localhost' (using password: YES)
youssef@youssef:~$ sudo mysql -u root -p
Enter password: 
ERROR 1045 (28000): Access denied for user 'root'@'localhost' (using password: NO)
youssef@youssef:~$ update mysql.user set plugin = '';

Command 'update' not found, did you mean:

  command 'xupdate' from deb libxml-xupdate-libxml-perl
  command 'uupdate' from deb devscripts
  command 'pupdate' from deb pbuilder-scripts
  command 'lupdate' from deb qtchooser
  command 'zupdate' from deb zutils

Try: sudo apt install <deb name>

youssef@youssef:~$ sudo mysql -u root
ERROR 1045 (28000): Access denied for user 'root'@'localhost' (using password: NO)
youssef@youssef:~$ ^C
youssef@youssef:~$ mysql
ERROR 1045 (28000): Access denied for user 'youssef'@'localhost' (using password: NO)
youssef@youssef:~$ sudo service mysql stop
youssef@youssef:~$ sudo apt-get remove --purge mysql*
Reading package lists... Done
Building dependency tree       
Reading state information... Done
Note, selecting 'mysqltcl' for glob 'mysql*'
Note, selecting 'mysql-workbench' for glob 'mysql*'
Note, selecting 'mysql-client-5.5' for glob 'mysql*'
Note, selecting 'mysql-client-5.6' for glob 'mysql*'
Note, selecting 'mysql-client-5.7' for glob 'mysql*'
Note, selecting 'mysql-common-5.6' for glob 'mysql*'
Note, selecting 'mysql-server-5.0' for glob 'mysql*'
Note, selecting 'mysql-server-5.1' for glob 'mysql*'
Note, selecting 'mysql-server-5.5' for glob 'mysql*'
Note, selecting 'mysql-server-5.6' for glob 'mysql*'
Note, selecting 'mysql-server-5.7' for glob 'mysql*'
Note, selecting 'mysql-utilities' for glob 'mysql*'
Note, selecting 'mysql-testsuite' for glob 'mysql*'
Note, selecting 'mysql-server' for glob 'mysql*'
Note, selecting 'mysql-client' for glob 'mysql*'
Note, selecting 'mysql-sandbox' for glob 'mysql*'
Note, selecting 'mysql-client-core-5.5' for glob 'mysql*'
Note, selecting 'mysql-client-core-5.6' for glob 'mysql*'
Note, selecting 'mysql-client-core-5.7' for glob 'mysql*'
Note, selecting 'mysql-testsuite-5.5' for glob 'mysql*'
Note, selecting 'mysql-testsuite-5.6' for glob 'mysql*'
Note, selecting 'mysql-testsuite-5.7' for glob 'mysql*'
Note, selecting 'mysql-common' for glob 'mysql*'
Note, selecting 'mysqltuner' for glob 'mysql*'
Note, selecting 'mysql-workbench-data' for glob 'mysql*'
Note, selecting 'mysql-server-core-5.1' for glob 'mysql*'
Note, selecting 'mysql-server-core-5.5' for glob 'mysql*'
Note, selecting 'mysql-server-core-5.6' for glob 'mysql*'
Note, selecting 'mysql-server-core-5.7' for glob 'mysql*'
Note, selecting 'mysql-source-5.7' for glob 'mysql*'
Package 'mysql-client-5.5' is not installed, so not removed
Package 'mysql-client-5.6' is not installed, so not removed
Package 'mysql-server-core-5.6' is not installed, so not removed
Package 'mysql-client-core-5.5' is not installed, so not removed
Package 'mysql-client-core-5.6' is not installed, so not removed
Note, selecting 'mysql-common' instead of 'mysql-common-5.6'
Package 'mysql-server-5.5' is not installed, so not removed
Package 'mysql-server-5.6' is not installed, so not removed
Package 'mysql-server-core-5.5' is not installed, so not removed
Package 'mysql-testsuite-5.5' is not installed, so not removed
Package 'mysql-testsuite-5.6' is not installed, so not removed
Package 'mysql-server-5.0' is not installed, so not removed
Package 'mysql-server-5.1' is not installed, so not removed
Package 'mysql-server-core-5.1' is not installed, so not removed
Package 'mysql-sandbox' is not installed, so not removed
Package 'mysql-utilities' is not installed, so not removed
Package 'mysql-workbench' is not installed, so not removed
Package 'mysql-workbench-data' is not installed, so not removed
Package 'mysqltcl' is not installed, so not removed
Package 'mysqltuner' is not installed, so not removed
Package 'mysql-client' is not installed, so not removed
Package 'mysql-source-5.7' is not installed, so not removed
Package 'mysql-testsuite' is not installed, so not removed
Package 'mysql-testsuite-5.7' is not installed, so not removed
The following package was automatically installed and is no longer required:
  libevent-core-2.1-6
Use 'sudo apt autoremove' to remove it.
The following additional packages will be installed:
  dbconfig-no-thanks
The following packages will be REMOVED:
  dbconfig-mysql* mysql-client-5.7* mysql-client-core-5.7* mysql-common* mysql-server* mysql-server-5.7* mysql-server-core-5.7*
The following NEW packages will be installed:
  dbconfig-no-thanks
0 upgraded, 1 newly installed, 7 to remove and 15 not upgraded.
Need to get 1,314 B of archives.
After this operation, 155 MB disk space will be freed.
Do you want to continue? [Y/n] y
Get:1 http://lb.archive.ubuntu.com/ubuntu bionic/universe amd64 dbconfig-no-thanks all 2.0.9 [1,314 B]
Fetched 1,314 B in 1s (2,116 B/s)              
dpkg: dbconfig-mysql: dependency problems, but removing anyway as you requested:
 phpmyadmin depends on dbconfig-mysql | dbconfig-no-thanks | dbconfig-common (<< 2.0.0); however:
  Package dbconfig-mysql is to be removed.
  Package dbconfig-no-thanks is not installed.
  Version of dbconfig-common on system is 2.0.9.

(Reading database ... 242832 files and directories currently installed.)
Removing dbconfig-mysql (2.0.9) ...
Selecting previously unselected package dbconfig-no-thanks.
(Reading database ... 242831 files and directories currently installed.)
Preparing to unpack .../dbconfig-no-thanks_2.0.9_all.deb ...
Unpacking dbconfig-no-thanks (2.0.9) ...
(Reading database ... 242832 files and directories currently installed.)
Removing mysql-server (5.7.31-0ubuntu0.18.04.1) ...
Removing mysql-server-5.7 (5.7.31-0ubuntu0.18.04.1) ...
update-alternatives: using /etc/mysql/my.cnf.fallback to provide /etc/mysql/my.cnf (my.cnf) in auto mode
Removing mysql-client-5.7 (5.7.31-0ubuntu0.18.04.1) ...
Removing mysql-client-core-5.7 (5.7.31-0ubuntu0.18.04.1) ...
Removing mysql-common (5.8+1.0.4) ...
Removing mysql-server-core-5.7 (5.7.31-0ubuntu0.18.04.1) ...
Setting up dbconfig-no-thanks (2.0.9) ...
Processing triggers for man-db (2.8.3-2ubuntu0.1) ...
(Reading database ... 242604 files and directories currently installed.)
Purging configuration files for mysql-common (5.8+1.0.4) ...
Purging configuration files for mysql-server-5.7 (5.7.31-0ubuntu0.18.04.1) ...
Processing triggers for systemd (237-3ubuntu10.42) ...
Processing triggers for ureadahead (0.100.0-21) ...
ureadahead will be reprofiled on next reboot
youssef@youssef:~$ sudo apt-get purge mysql*
Reading package lists... Done
Building dependency tree       
Reading state information... Done
Note, selecting 'mysqltcl' for glob 'mysql*'
Note, selecting 'mysql-workbench' for glob 'mysql*'
Note, selecting 'mysql-client-5.5' for glob 'mysql*'
Note, selecting 'mysql-client-5.6' for glob 'mysql*'
Note, selecting 'mysql-client-5.7' for glob 'mysql*'
Note, selecting 'mysql-common-5.6' for glob 'mysql*'
Note, selecting 'mysql-server-5.0' for glob 'mysql*'
Note, selecting 'mysql-server-5.1' for glob 'mysql*'
Note, selecting 'mysql-server-5.5' for glob 'mysql*'
Note, selecting 'mysql-server-5.6' for glob 'mysql*'
Note, selecting 'mysql-server-5.7' for glob 'mysql*'
Note, selecting 'mysql-utilities' for glob 'mysql*'
Note, selecting 'mysql-testsuite' for glob 'mysql*'
Note, selecting 'mysql-server' for glob 'mysql*'
Note, selecting 'mysql-client' for glob 'mysql*'
Note, selecting 'mysql-sandbox' for glob 'mysql*'
Note, selecting 'mysql-client-core-5.5' for glob 'mysql*'
Note, selecting 'mysql-client-core-5.6' for glob 'mysql*'
Note, selecting 'mysql-client-core-5.7' for glob 'mysql*'
Note, selecting 'mysql-testsuite-5.5' for glob 'mysql*'
Note, selecting 'mysql-testsuite-5.6' for glob 'mysql*'
Note, selecting 'mysql-testsuite-5.7' for glob 'mysql*'
Note, selecting 'mysql-common' for glob 'mysql*'
Note, selecting 'mysqltuner' for glob 'mysql*'
Note, selecting 'mysql-workbench-data' for glob 'mysql*'
Note, selecting 'mysql-server-core-5.1' for glob 'mysql*'
Note, selecting 'mysql-server-core-5.5' for glob 'mysql*'
Note, selecting 'mysql-server-core-5.6' for glob 'mysql*'
Note, selecting 'mysql-server-core-5.7' for glob 'mysql*'
Note, selecting 'mysql-source-5.7' for glob 'mysql*'
Package 'mysql-client-5.5' is not installed, so not removed
Package 'mysql-client-5.6' is not installed, so not removed
Package 'mysql-server-core-5.6' is not installed, so not removed
Package 'mysql-client-core-5.5' is not installed, so not removed
Package 'mysql-client-core-5.6' is not installed, so not removed
Note, selecting 'mysql-common' instead of 'mysql-common-5.6'
Package 'mysql-server-5.5' is not installed, so not removed
Package 'mysql-server-5.6' is not installed, so not removed
Package 'mysql-server-core-5.5' is not installed, so not removed
Package 'mysql-testsuite-5.5' is not installed, so not removed
Package 'mysql-testsuite-5.6' is not installed, so not removed
Package 'mysql-server-5.0' is not installed, so not removed
Package 'mysql-server-5.1' is not installed, so not removed
Package 'mysql-server-core-5.1' is not installed, so not removed
Package 'mysql-common' is not installed, so not removed
Package 'mysql-sandbox' is not installed, so not removed
Package 'mysql-utilities' is not installed, so not removed
Package 'mysql-workbench' is not installed, so not removed
Package 'mysql-workbench-data' is not installed, so not removed
Package 'mysqltcl' is not installed, so not removed
Package 'mysqltuner' is not installed, so not removed
Package 'mysql-client' is not installed, so not removed
Package 'mysql-client-5.7' is not installed, so not removed
Package 'mysql-client-core-5.7' is not installed, so not removed
Package 'mysql-server' is not installed, so not removed
Package 'mysql-server-5.7' is not installed, so not removed
Package 'mysql-server-core-5.7' is not installed, so not removed
Package 'mysql-source-5.7' is not installed, so not removed
Package 'mysql-testsuite' is not installed, so not removed
Package 'mysql-testsuite-5.7' is not installed, so not removed
The following package was automatically installed and is no longer required:
  libevent-core-2.1-6
Use 'sudo apt autoremove' to remove it.
0 upgraded, 0 newly installed, 0 to remove and 15 not upgraded.
youssef@youssef:~$ sudo apt-get autoremove
Reading package lists... Done
Building dependency tree       
Reading state information... Done
The following packages will be REMOVED:
  libevent-core-2.1-6
0 upgraded, 0 newly installed, 1 to remove and 15 not upgraded.
After this operation, 251 kB disk space will be freed.
Do you want to continue? [Y/n] y
(Reading database ... 242586 files and directories currently installed.)
Removing libevent-core-2.1-6:amd64 (2.1.8-stable-4build1) ...
Processing triggers for libc-bin (2.27-3ubuntu1.2) ...
youssef@youssef:~$ sudo apt-get autoclean
Reading package lists... Done
Building dependency tree       
Reading state information... Done
Del flashplugin-installer 32.0.0.403ubuntu0.18.04.1 [6,620 B]
youssef@youssef:~$ sudo apt-get remove dbconfig-mysql
Reading package lists... Done
Building dependency tree       
Reading state information... Done
Package 'dbconfig-mysql' is not installed, so not removed
0 upgraded, 0 newly installed, 0 to remove and 15 not upgraded.
youssef@youssef:~$ sudo apt-get dist-upgrade
Reading package lists... Done
Building dependency tree       
Reading state information... Done
Calculating upgrade... Done
The following packages will be upgraded:
  apache2 apache2-bin apache2-data apache2-utils flashplugin-installer libnss3 libsmbclient libwbclient0 python-samba python3-software-properties
  samba-common samba-common-bin samba-libs software-properties-common software-properties-gtk
15 upgraded, 0 newly installed, 0 to remove and 0 not upgraded.
Need to get 9,183 kB/10.6 MB of archives.
After this operation, 146 kB of additional disk space will be used.
Do you want to continue? [Y/n] y
Get:1 http://lb.archive.ubuntu.com/ubuntu bionic-updates/main amd64 python-samba amd64 2:4.7.6+dfsg~ubuntu-0ubuntu2.18 [1,923 kB]
Get:2 http://lb.archive.ubuntu.com/ubuntu bionic-updates/main amd64 samba-common-bin amd64 2:4.7.6+dfsg~ubuntu-0ubuntu2.18 [521 kB]
Get:3 http://lb.archive.ubuntu.com/ubuntu bionic-updates/main amd64 samba-common all 2:4.7.6+dfsg~ubuntu-0ubuntu2.18 [72.3 kB]                       
Get:4 http://lb.archive.ubuntu.com/ubuntu bionic-updates/main amd64 libsmbclient amd64 2:4.7.6+dfsg~ubuntu-0ubuntu2.18 [54.4 kB]                     
Get:5 http://lb.archive.ubuntu.com/ubuntu bionic-updates/main amd64 samba-libs amd64 2:4.7.6+dfsg~ubuntu-0ubuntu2.18 [5,254 kB]                      
Get:6 http://lb.archive.ubuntu.com/ubuntu bionic-updates/main amd64 libwbclient0 amd64 2:4.7.6+dfsg~ubuntu-0ubuntu2.18 [34.1 kB]                     
Get:7 http://lb.archive.ubuntu.com/ubuntu bionic-updates/main amd64 libnss3 amd64 2:3.35-2ubuntu2.11 [1,221 kB]                                      
Get:8 http://lb.archive.ubuntu.com/ubuntu bionic-updates/multiverse amd64 flashplugin-installer amd64 32.0.0.414ubuntu0.18.04.1 [6,608 B]            
Get:9 http://lb.archive.ubuntu.com/ubuntu bionic-updates/main amd64 software-properties-common all 0.96.24.32.14 [10.1 kB]                           
Get:10 http://lb.archive.ubuntu.com/ubuntu bionic-updates/main amd64 software-properties-gtk all 0.96.24.32.14 [62.8 kB]                             
Get:11 http://lb.archive.ubuntu.com/ubuntu bionic-updates/main amd64 python3-software-properties all 0.96.24.32.14 [23.9 kB]                         
Fetched 7,984 kB in 40s (198 kB/s)                                                                                                                   
Preconfiguring packages ...
(Reading database ... 242582 files and directories currently installed.)
Preparing to unpack .../00-apache2_2.4.29-1ubuntu4.14_amd64.deb ...
Unpacking apache2 (2.4.29-1ubuntu4.14) over (2.4.29-1ubuntu4.13) ...
Preparing to unpack .../01-apache2-bin_2.4.29-1ubuntu4.14_amd64.deb ...
Unpacking apache2-bin (2.4.29-1ubuntu4.14) over (2.4.29-1ubuntu4.13) ...
Preparing to unpack .../02-apache2-utils_2.4.29-1ubuntu4.14_amd64.deb ...
Unpacking apache2-utils (2.4.29-1ubuntu4.14) over (2.4.29-1ubuntu4.13) ...
Preparing to unpack .../03-apache2-data_2.4.29-1ubuntu4.14_all.deb ...
Unpacking apache2-data (2.4.29-1ubuntu4.14) over (2.4.29-1ubuntu4.13) ...
Preparing to unpack .../04-python-samba_2%3a4.7.6+dfsg~ubuntu-0ubuntu2.18_amd64.deb ...
Unpacking python-samba (2:4.7.6+dfsg~ubuntu-0ubuntu2.18) over (2:4.7.6+dfsg~ubuntu-0ubuntu2.17) ...
Preparing to unpack .../05-samba-common-bin_2%3a4.7.6+dfsg~ubuntu-0ubuntu2.18_amd64.deb ...
Unpacking samba-common-bin (2:4.7.6+dfsg~ubuntu-0ubuntu2.18) over (2:4.7.6+dfsg~ubuntu-0ubuntu2.17) ...
Preparing to unpack .../06-samba-common_2%3a4.7.6+dfsg~ubuntu-0ubuntu2.18_all.deb ...
Unpacking samba-common (2:4.7.6+dfsg~ubuntu-0ubuntu2.18) over (2:4.7.6+dfsg~ubuntu-0ubuntu2.17) ...
Preparing to unpack .../07-libsmbclient_2%3a4.7.6+dfsg~ubuntu-0ubuntu2.18_amd64.deb ...
Unpacking libsmbclient:amd64 (2:4.7.6+dfsg~ubuntu-0ubuntu2.18) over (2:4.7.6+dfsg~ubuntu-0ubuntu2.17) ...
Preparing to unpack .../08-samba-libs_2%3a4.7.6+dfsg~ubuntu-0ubuntu2.18_amd64.deb ...
Unpacking samba-libs:amd64 (2:4.7.6+dfsg~ubuntu-0ubuntu2.18) over (2:4.7.6+dfsg~ubuntu-0ubuntu2.17) ...
Preparing to unpack .../09-libwbclient0_2%3a4.7.6+dfsg~ubuntu-0ubuntu2.18_amd64.deb ...
Unpacking libwbclient0:amd64 (2:4.7.6+dfsg~ubuntu-0ubuntu2.18) over (2:4.7.6+dfsg~ubuntu-0ubuntu2.17) ...
Preparing to unpack .../10-libnss3_2%3a3.35-2ubuntu2.11_amd64.deb ...
Unpacking libnss3:amd64 (2:3.35-2ubuntu2.11) over (2:3.35-2ubuntu2.9) ...
Preparing to unpack .../11-flashplugin-installer_32.0.0.414ubuntu0.18.04.1_amd64.deb ...
Unpacking flashplugin-installer (32.0.0.414ubuntu0.18.04.1) over (32.0.0.403ubuntu0.18.04.1) ...
Preparing to unpack .../12-software-properties-common_0.96.24.32.14_all.deb ...
Unpacking software-properties-common (0.96.24.32.14) over (0.96.24.32.13) ...
Preparing to unpack .../13-software-properties-gtk_0.96.24.32.14_all.deb ...
Unpacking software-properties-gtk (0.96.24.32.14) over (0.96.24.32.13) ...
Preparing to unpack .../14-python3-software-properties_0.96.24.32.14_all.deb ...
Unpacking python3-software-properties (0.96.24.32.14) over (0.96.24.32.13) ...
Setting up libwbclient0:amd64 (2:4.7.6+dfsg~ubuntu-0ubuntu2.18) ...
Setting up samba-libs:amd64 (2:4.7.6+dfsg~ubuntu-0ubuntu2.18) ...
Setting up apache2-utils (2.4.29-1ubuntu4.14) ...
Setting up python-samba (2:4.7.6+dfsg~ubuntu-0ubuntu2.18) ...
Setting up apache2-bin (2.4.29-1ubuntu4.14) ...
Setting up samba-common (2:4.7.6+dfsg~ubuntu-0ubuntu2.18) ...
Setting up apache2-data (2.4.29-1ubuntu4.14) ...
Setting up libnss3:amd64 (2:3.35-2ubuntu2.11) ...
Setting up libsmbclient:amd64 (2:4.7.6+dfsg~ubuntu-0ubuntu2.18) ...
Setting up python3-software-properties (0.96.24.32.14) ...
Setting up samba-common-bin (2:4.7.6+dfsg~ubuntu-0ubuntu2.18) ...
Setting up flashplugin-installer (32.0.0.414ubuntu0.18.04.1) ...
Setting up software-properties-common (0.96.24.32.14) ...
Setting up apache2 (2.4.29-1ubuntu4.14) ...
Setting up software-properties-gtk (0.96.24.32.14) ...
Processing triggers for man-db (2.8.3-2ubuntu0.1) ...
Processing triggers for shared-mime-info (1.9-2) ...
Processing triggers for gnome-menus (3.13.3-11ubuntu1.1) ...
Processing triggers for dbus (1.12.2-1ubuntu1.2) ...
Processing triggers for hicolor-icon-theme (0.17-2) ...
Processing triggers for ufw (0.36-0ubuntu0.18.04.1) ...
Processing triggers for mime-support (3.60ubuntu1) ...
Processing triggers for ureadahead (0.100.0-21) ...
Processing triggers for update-notifier-common (3.192.1.7) ...
flashplugin-installer: processing...
flashplugin-installer: downloading http://archive.canonical.com/pool/partner/a/adobe-flashplugin/adobe-flashplugin_20200811.1.orig.tar.gz
Get:1 http://archive.canonical.com/pool/partner/a/adobe-flashplugin/adobe-flashplugin_20200811.1.orig.tar.gz [31.1 MB]
Fetched 31.1 MB in 1min 6s (470 kB/s)                                                                                                                
Installing from local file /var/lib/update-notifier/package-data-downloads/partial/adobe-flashplugin_20200811.1.orig.tar.gz
Flash Plugin installed.
Processing triggers for desktop-file-utils (0.23-1ubuntu3.18.04.2) ...
Processing triggers for libglib2.0-0:amd64 (2.56.4-0ubuntu0.18.04.6) ...
Processing triggers for libglib2.0-0:i386 (2.56.4-0ubuntu0.18.04.6) ...
Processing triggers for bamfdaemon (0.5.3+18.04.20180207.2-0ubuntu1) ...
Rebuilding /usr/share/applications/bamf-2.index...
Processing triggers for libc-bin (2.27-3ubuntu1.2) ...
Processing triggers for systemd (237-3ubuntu10.42) ...
youssef@youssef:~$ sudo apt-get install mysql-server
Reading package lists... Done
Building dependency tree       
Reading state information... Done
The following additional packages will be installed:
  libevent-core-2.1-6 mysql-client-5.7 mysql-client-core-5.7 mysql-common mysql-server-5.7 mysql-server-core-5.7
Suggested packages:
  mailx tinyca
The following NEW packages will be installed:
  libevent-core-2.1-6 mysql-client-5.7 mysql-client-core-5.7 mysql-common mysql-server mysql-server-5.7 mysql-server-core-5.7
0 upgraded, 7 newly installed, 0 to remove and 0 not upgraded.
Need to get 93.2 kB/19.1 MB of archives.
After this operation, 155 MB of additional disk space will be used.
Do you want to continue? [Y/n] y
Get:1 http://lb.archive.ubuntu.com/ubuntu bionic/main amd64 mysql-common all 5.8+1.0.4 [7,308 B]
Get:2 http://lb.archive.ubuntu.com/ubuntu bionic/main amd64 libevent-core-2.1-6 amd64 2.1.8-stable-4build1 [85.9 kB]
Fetched 93.2 kB in 5s (19.6 kB/s)              
Preconfiguring packages ...
Selecting previously unselected package mysql-common.
(Reading database ... 242584 files and directories currently installed.)
Preparing to unpack .../mysql-common_5.8+1.0.4_all.deb ...
Unpacking mysql-common (5.8+1.0.4) ...
Selecting previously unselected package mysql-client-core-5.7.
Preparing to unpack .../mysql-client-core-5.7_5.7.31-0ubuntu0.18.04.1_amd64.deb ...
Unpacking mysql-client-core-5.7 (5.7.31-0ubuntu0.18.04.1) ...
Selecting previously unselected package mysql-client-5.7.
Preparing to unpack .../mysql-client-5.7_5.7.31-0ubuntu0.18.04.1_amd64.deb ...
Unpacking mysql-client-5.7 (5.7.31-0ubuntu0.18.04.1) ...
Selecting previously unselected package mysql-server-core-5.7.
Preparing to unpack .../mysql-server-core-5.7_5.7.31-0ubuntu0.18.04.1_amd64.deb ...
Unpacking mysql-server-core-5.7 (5.7.31-0ubuntu0.18.04.1) ...
Selecting previously unselected package libevent-core-2.1-6:amd64.
Preparing to unpack .../libevent-core-2.1-6_2.1.8-stable-4build1_amd64.deb ...
Unpacking libevent-core-2.1-6:amd64 (2.1.8-stable-4build1) ...
Setting up mysql-common (5.8+1.0.4) ...
update-alternatives: using /etc/mysql/my.cnf.fallback to provide /etc/mysql/my.cnf (my.cnf) in auto mode
Selecting previously unselected package mysql-server-5.7.
(Reading database ... 242745 files and directories currently installed.)
Preparing to unpack .../mysql-server-5.7_5.7.31-0ubuntu0.18.04.1_amd64.deb ...
Unpacking mysql-server-5.7 (5.7.31-0ubuntu0.18.04.1) ...
Selecting previously unselected package mysql-server.
Preparing to unpack .../mysql-server_5.7.31-0ubuntu0.18.04.1_all.deb ...
Unpacking mysql-server (5.7.31-0ubuntu0.18.04.1) ...
Setting up libevent-core-2.1-6:amd64 (2.1.8-stable-4build1) ...
Setting up mysql-server-core-5.7 (5.7.31-0ubuntu0.18.04.1) ...
Setting up mysql-client-core-5.7 (5.7.31-0ubuntu0.18.04.1) ...
Setting up mysql-client-5.7 (5.7.31-0ubuntu0.18.04.1) ...
Setting up mysql-server-5.7 (5.7.31-0ubuntu0.18.04.1) ...
update-alternatives: using /etc/mysql/mysql.cnf to provide /etc/mysql/my.cnf (my.cnf) in auto mode
Renaming removed key_buffer and myisam-recover options (if present)
Created symlink /etc/systemd/system/multi-user.target.wants/mysql.service â†’ /lib/systemd/system/mysql.service.
Setting up mysql-server (5.7.31-0ubuntu0.18.04.1) ...
Processing triggers for libc-bin (2.27-3ubuntu1.2) ...
Processing triggers for systemd (237-3ubuntu10.42) ...
Processing triggers for man-db (2.8.3-2ubuntu0.1) ...
Processing triggers for ureadahead (0.100.0-21) ...
youssef@youssef:~$ mysql
ERROR 1045 (28000): Access denied for user 'youssef'@'localhost' (using password: NO)
youssef@youssef:~$ sudo mysql
Welcome to the MySQL monitor.  Commands end with ; or \g.
Your MySQL connection id is 3
Server version: 5.7.31-0ubuntu0.18.04.1 (Ubuntu)

Copyright (c) 2000, 2020, Oracle and/or its affiliates. All rights reserved.

Oracle is a registered trademark of Oracle Corporation and/or its
affiliates. Other names may be trademarks of their respective
owners.

Type 'help;' or '\h' for help. Type '\c' to clear the current input statement.

mysql> exit
Bye
youssef@youssef:~$ sudo mysql -u root
Welcome to the MySQL monitor.  Commands end with ; or \g.
Your MySQL connection id is 4
Server version: 5.7.31-0ubuntu0.18.04.1 (Ubuntu)

Copyright (c) 2000, 2020, Oracle and/or its affiliates. All rights reserved.

Oracle is a registered trademark of Oracle Corporation and/or its
affiliates. Other names may be trademarks of their respective
owners.

Type 'help;' or '\h' for help. Type '\c' to clear the current input statement.

mysql> exit
Bye
youssef@youssef:~$ sudo mysql
Welcome to the MySQL monitor.  Commands end with ; or \g.
Your MySQL connection id is 5
Server version: 5.7.31-0ubuntu0.18.04.1 (Ubuntu)

Copyright (c) 2000, 2020, Oracle and/or its affiliates. All rights reserved.

Oracle is a registered trademark of Oracle Corporation and/or its
affiliates. Other names may be trademarks of their respective
owners.

Type 'help;' or '\h' for help. Type '\c' to clear the current input statement.

mysql> exit
Bye
youssef@youssef:~$ sudo nano /etc/mysql/mysql.conf.d/mysqld.cnf
youssef@youssef:~$ ufw
ERROR: not enough args
youssef@youssef:~$ sudo ufw
ERROR: not enough args
youssef@youssef:~$ sudo ufw status
Status: inactive
youssef@youssef:~$ sudo ufw allow 3306
Rules updated
Rules updated (v6)
youssef@youssef:~$ sudo systemctl restart mysql
youssef@youssef:~$ mysql
ERROR 1045 (28000): Access denied for user 'youssef'@'localhost' (using password: NO)
youssef@youssef:~$ sudo mysql
Welcome to the MySQL monitor.  Commands end with ; or \g.
Your MySQL connection id is 3
Server version: 5.7.31-0ubuntu0.18.04.1 (Ubuntu)

Copyright (c) 2000, 2020, Oracle and/or its affiliates. All rights reserved.

Oracle is a registered trademark of Oracle Corporation and/or its
affiliates. Other names may be trademarks of their respective
owners.

Type 'help;' or '\h' for help. Type '\c' to clear the current input statement.

mysql> SELECT user FROM mysql. user;
+------------------+
| user             |
+------------------+
| debian-sys-maint |
| mysql.session    |
| mysql.sys        |
| root             |
+------------------+
4 rows in set (0.00 sec)

mysql> exit
Bye
youssef@youssef:~$ sudo apt install php-mysql
Reading package lists... Done
Building dependency tree       
Reading state information... Done
php-mysql is already the newest version (1:7.2+60ubuntu1).
0 upgraded, 0 newly installed, 0 to remove and 0 not upgraded.
youssef@youssef:~$ php
<?php
  phpinfo();
?>
phpinfo();
exit
^C
youssef@youssef:~$ phpinfo()
> <?php
bash: syntax error near unexpected token `<'
youssef@youssef:~$   phpinfo();
bash: syntax error near unexpected token `;'
youssef@youssef:~$ phpinfo();
bash: syntax error near unexpected token `;'
youssef@youssef:~$ sudo mysql
Welcome to the MySQL monitor.  Commands end with ; or \g.
Your MySQL connection id is 4
Server version: 5.7.31-0ubuntu0.18.04.1 (Ubuntu)

Copyright (c) 2000, 2020, Oracle and/or its affiliates. All rights reserved.

Oracle is a registered trademark of Oracle Corporation and/or its
affiliates. Other names may be trademarks of their respective
owners.

Type 'help;' or '\h' for help. Type '\c' to clear the current input statement.

mysql> CREATE DATABASE demodb;
Query OK, 1 row affected (0.00 sec)

mysql> SHOW DATABASES;
+--------------------+
| Database           |
+--------------------+
| information_schema |
| demodb             |
| mysql              |
| performance_schema |
| sys                |
+--------------------+
5 rows in set (0.01 sec)

mysql> 
mysql> SELECT User, Host, authentication_string FROM mysql.user;
+------------------+-----------+-------------------------------------------+
| User             | Host      | authentication_string                     |
+------------------+-----------+-------------------------------------------+
| root             | localhost |                                           |
| mysql.session    | localhost | *THISISNOTAVALIDPASSWORDTHATCANBEUSEDHERE |
| mysql.sys        | localhost | *THISISNOTAVALIDPASSWORDTHATCANBEUSEDHERE |
| debian-sys-maint | localhost | *70F2C48DFC026EB62F6BAB9C61F3BAB2825EC703 |
+------------------+-----------+-------------------------------------------+
4 rows in set (0.00 sec)

mysql> mysql -u root -p
    -> 
    -> 
    -> exit
    -> sf
    -> ^C  

^C
mysql> -u root -p
    -> Shmegevod0
    -> 

^C
mysql> -u root -p
    -> Shmegevod0
    -> 
    -> 
    -> 
    -> 

^C
mysql> -u root 
    -> 

^C
mysql> mysql -u root
    -> 

^C
mysql> CREATE USER 'youssef_win'@'192.168.1.21' IDENTIFIED BY 'youssefwin';
Query OK, 0 rows affected (0.00 sec)

mysql> GRANT ALL PRIVILEGES ON * . * TO 'youssef_win'@'192.168.1.21';
Query OK, 0 rows affected (0.00 sec)

mysql> FLUSH PRIVILEGES;
Query OK, 0 rows affected (0.00 sec)

mysql> CREATE USER 'youssef_win'@'192.168.1.21' IDENTIFIED BY 'youssefwin';
ERROR 1396 (HY000): Operation CREATE USER failed for 'youssef_win'@'192.168.1.21'
mysql> CREATE USER 'youssef_win'@'192.168.1.21' IDENTIFIED BY 'youssefwin';
CREATE USER 'youssef_win'@'192.168.1.21' IDENTIFIED BY 'youssefwin';
^C
mysql> CREATE USER 'user1'@'localhost' IDENTIFIED BY 'Shmegevod0';
Query OK, 0 rows affected (0.00 sec)

mysql> GRANT ALL PRIVILEGES ON * . * TO 'user1'@'localhost';
Query OK, 0 rows affected (0.00 sec)

mysql> FLUSH PRIVILEGES;
Query OK, 0 rows affected (0.00 sec)

mysql> select user1 from MySQl.user;
ERROR 1146 (42S02): Table 'MySQl.user' doesn't exist
mysql> show databases
    -> 

^C
mysql> show databases;
+--------------------+
| Database           |
+--------------------+
| information_schema |
| demodb             |
| mysql              |
| performance_schema |
| sys                |
+--------------------+
5 rows in set (0.00 sec)

mysql> select user1 from MySQl.user;
ERROR 1146 (42S02): Table 'MySQl.user' doesn't exist
mysql> select * from MySQl;
ERROR 1046 (3D000): No database selected
mysql> select * from mysql;
ERROR 1046 (3D000): No database selected
mysql> select * from mysql.use;
ERROR 1146 (42S02): Table 'mysql.use' doesn't exist
mysql> select * from mysql.user;
+--------------+------------------+-------------+-------------+-------------+-------------+-------------+-----------+-------------+---------------+--------------+-----------+------------+-----------------+------------+------------+--------------+------------+-----------------------+------------------+--------------+-----------------+------------------+------------------+----------------+---------------------+--------------------+------------------+------------+--------------+------------------------+----------+------------+-------------+--------------+---------------+-------------+-----------------+----------------------+-----------------------+-------------------------------------------+------------------+-----------------------+-------------------+----------------+
| Host         | User             | Select_priv | Insert_priv | Update_priv | Delete_priv | Create_priv | Drop_priv | Reload_priv | Shutdown_priv | Process_priv | File_priv | Grant_priv | References_priv | Index_priv | Alter_priv | Show_db_priv | Super_priv | Create_tmp_table_priv | Lock_tables_priv | Execute_priv | Repl_slave_priv | Repl_client_priv | Create_view_priv | Show_view_priv | Create_routine_priv | Alter_routine_priv | Create_user_priv | Event_priv | Trigger_priv | Create_tablespace_priv | ssl_type | ssl_cipher | x509_issuer | x509_subject | max_questions | max_updates | max_connections | max_user_connections | plugin                | authentication_string                     | password_expired | password_last_changed | password_lifetime | account_locked |
+--------------+------------------+-------------+-------------+-------------+-------------+-------------+-----------+-------------+---------------+--------------+-----------+------------+-----------------+------------+------------+--------------+------------+-----------------------+------------------+--------------+-----------------+------------------+------------------+----------------+---------------------+--------------------+------------------+------------+--------------+------------------------+----------+------------+-------------+--------------+---------------+-------------+-----------------+----------------------+-----------------------+-------------------------------------------+------------------+-----------------------+-------------------+----------------+
| localhost    | root             | Y           | Y           | Y           | Y           | Y           | Y         | Y           | Y             | Y            | Y         | Y          | Y               | Y          | Y          | Y            | Y          | Y                     | Y                | Y            | Y               | Y                | Y                | Y              | Y                   | Y                  | Y                | Y          | Y            | Y                      |          |            |             |              |             0 |           0 |               0 |                    0 | auth_socket           |                                           | N                | 2020-08-15 21:32:53   |              NULL | N              |
| localhost    | mysql.session    | N           | N           | N           | N           | N           | N         | N           | N             | N            | N         | N          | N               | N          | N          | N            | Y          | N                     | N                | N            | N               | N                | N                | N              | N                   | N                  | N                | N          | N            | N                      |          |            |             |              |             0 |           0 |               0 |                    0 | mysql_native_password | *THISISNOTAVALIDPASSWORDTHATCANBEUSEDHERE | N                | 2020-08-15 21:32:56   |              NULL | Y              |
| localhost    | mysql.sys        | N           | N           | N           | N           | N           | N         | N           | N             | N            | N         | N          | N               | N          | N          | N            | N          | N                     | N                | N            | N               | N                | N                | N              | N                   | N                  | N                | N          | N            | N                      |          |            |             |              |             0 |           0 |               0 |                    0 | mysql_native_password | *THISISNOTAVALIDPASSWORDTHATCANBEUSEDHERE | N                | 2020-08-15 21:32:56   |              NULL | Y              |
| localhost    | debian-sys-maint | Y           | Y           | Y           | Y           | Y           | Y         | Y           | Y             | Y            | Y         | Y          | Y               | Y          | Y          | Y            | Y          | Y                     | Y                | Y            | Y               | Y                | Y                | Y              | Y                   | Y                  | Y                | Y          | Y            | Y                      |          |            |             |              |             0 |           0 |               0 |                    0 | mysql_native_password | *70F2C48DFC026EB62F6BAB9C61F3BAB2825EC703 | N                | 2020-08-15 21:32:59   |              NULL | N              |
| 192.168.1.21 | youssef_win      | Y           | Y           | Y           | Y           | Y           | Y         | Y           | Y             | Y            | Y         | N          | Y               | Y          | Y          | Y            | Y          | Y                     | Y                | Y            | Y               | Y                | Y                | Y              | Y                   | Y                  | Y                | Y          | Y            | Y                      |          |            |             |              |             0 |           0 |               0 |                    0 | mysql_native_password | *3D16B3509A6AECBC8B52C803E058BCFAC36A8991 | N                | 2020-08-15 22:12:05   |              NULL | N              |
| localhost    | user1            | Y           | Y           | Y           | Y           | Y           | Y         | Y           | Y             | Y            | Y         | N          | Y               | Y          | Y          | Y            | Y          | Y                     | Y                | Y            | Y               | Y                | Y                | Y              | Y                   | Y                  | Y                | Y          | Y            | Y                      |          |            |             |              |             0 |           0 |               0 |                    0 | mysql_native_password | *31D2D89A7E8439DCA336CE48F92FF12298B94745 | N                | 2020-08-15 22:14:00   |              NULL | N              |
+--------------+------------------+-------------+-------------+-------------+-------------+-------------+-----------+-------------+---------------+--------------+-----------+------------+-----------------+------------+------------+--------------+------------+-----------------------+------------------+--------------+-----------------+------------------+------------------+----------------+---------------------+--------------------+------------------+------------+--------------+------------------------+----------+------------+-------------+--------------+---------------+-------------+-----------------+----------------------+-----------------------+-------------------------------------------+------------------+-----------------------+-------------------+----------------+
6 rows in set (0.00 sec)

mysql> select * from Mysql.user;
ERROR 1146 (42S02): Table 'Mysql.user' doesn't exist
mysql> select * from mysql.user;
+--------------+------------------+-------------+-------------+-------------+-------------+-------------+-----------+-------------+---------------+--------------+-----------+------------+-----------------+------------+------------+--------------+------------+-----------------------+------------------+--------------+-----------------+------------------+------------------+----------------+---------------------+--------------------+------------------+------------+--------------+------------------------+----------+------------+-------------+--------------+---------------+-------------+-----------------+----------------------+-----------------------+-------------------------------------------+------------------+-----------------------+-------------------+----------------+
| Host         | User             | Select_priv | Insert_priv | Update_priv | Delete_priv | Create_priv | Drop_priv | Reload_priv | Shutdown_priv | Process_priv | File_priv | Grant_priv | References_priv | Index_priv | Alter_priv | Show_db_priv | Super_priv | Create_tmp_table_priv | Lock_tables_priv | Execute_priv | Repl_slave_priv | Repl_client_priv | Create_view_priv | Show_view_priv | Create_routine_priv | Alter_routine_priv | Create_user_priv | Event_priv | Trigger_priv | Create_tablespace_priv | ssl_type | ssl_cipher | x509_issuer | x509_subject | max_questions | max_updates | max_connections | max_user_connections | plugin                | authentication_string                     | password_expired | password_last_changed | password_lifetime | account_locked |
+--------------+------------------+-------------+-------------+-------------+-------------+-------------+-----------+-------------+---------------+--------------+-----------+------------+-----------------+------------+------------+--------------+------------+-----------------------+------------------+--------------+-----------------+------------------+------------------+----------------+---------------------+--------------------+------------------+------------+--------------+------------------------+----------+------------+-------------+--------------+---------------+-------------+-----------------+----------------------+-----------------------+-------------------------------------------+------------------+-----------------------+-------------------+----------------+
| localhost    | root             | Y           | Y           | Y           | Y           | Y           | Y         | Y           | Y             | Y            | Y         | Y          | Y               | Y          | Y          | Y            | Y          | Y                     | Y                | Y            | Y               | Y                | Y                | Y              | Y                   | Y                  | Y                | Y          | Y            | Y                      |          |            |             |              |             0 |           0 |               0 |                    0 | auth_socket           |                                           | N                | 2020-08-15 21:32:53   |              NULL | N              |
| localhost    | mysql.session    | N           | N           | N           | N           | N           | N         | N           | N             | N            | N         | N          | N               | N          | N          | N            | Y          | N                     | N                | N            | N               | N                | N                | N              | N                   | N                  | N                | N          | N            | N                      |          |            |             |              |             0 |           0 |               0 |                    0 | mysql_native_password | *THISISNOTAVALIDPASSWORDTHATCANBEUSEDHERE | N                | 2020-08-15 21:32:56   |              NULL | Y              |
| localhost    | mysql.sys        | N           | N           | N           | N           | N           | N         | N           | N             | N            | N         | N          | N               | N          | N          | N            | N          | N                     | N                | N            | N               | N                | N                | N              | N                   | N                  | N                | N          | N            | N                      |          |            |             |              |             0 |           0 |               0 |                    0 | mysql_native_password | *THISISNOTAVALIDPASSWORDTHATCANBEUSEDHERE | N                | 2020-08-15 21:32:56   |              NULL | Y              |
| localhost    | debian-sys-maint | Y           | Y           | Y           | Y           | Y           | Y         | Y           | Y             | Y            | Y         | Y          | Y               | Y          | Y          | Y            | Y          | Y                     | Y                | Y            | Y               | Y                | Y                | Y              | Y                   | Y                  | Y                | Y          | Y            | Y                      |          |            |             |              |             0 |           0 |               0 |                    0 | mysql_native_password | *70F2C48DFC026EB62F6BAB9C61F3BAB2825EC703 | N                | 2020-08-15 21:32:59   |              NULL | N              |
| 192.168.1.21 | youssef_win      | Y           | Y           | Y           | Y           | Y           | Y         | Y           | Y             | Y            | Y         | N          | Y               | Y          | Y          | Y            | Y          | Y                     | Y                | Y            | Y               | Y                | Y                | Y              | Y                   | Y                  | Y                | Y          | Y            | Y                      |          |            |             |              |             0 |           0 |               0 |                    0 | mysql_native_password | *3D16B3509A6AECBC8B52C803E058BCFAC36A8991 | N                | 2020-08-15 22:12:05   |              NULL | N              |
| localhost    | user1            | Y           | Y           | Y           | Y           | Y           | Y         | Y           | Y             | Y            | Y         | N          | Y               | Y          | Y          | Y            | Y          | Y                     | Y                | Y            | Y               | Y                | Y                | Y              | Y                   | Y                  | Y                | Y          | Y            | Y                      |          |            |             |              |             0 |           0 |               0 |                    0 | mysql_native_password | *31D2D89A7E8439DCA336CE48F92FF12298B94745 | N                | 2020-08-15 22:14:00   |              NULL | N              |
+--------------+------------------+-------------+-------------+-------------+-------------+-------------+-----------+-------------+---------------+--------------+-----------+------------+-----------------+------------+------------+--------------+------------+-----------------------+------------------+--------------+-----------------+------------------+------------------+----------------+---------------------+--------------------+------------------+------------+--------------+------------------------+----------+------------+-------------+--------------+---------------+-------------+-----------------+----------------------+-----------------------+-------------------------------------------+------------------+-----------------------+-------------------+----------------+
6 rows in set (0.00 sec)

mysql> select user from mysql.user;
+------------------+
| user             |
+------------------+
| youssef_win      |
| debian-sys-maint |
| mysql.session    |
| mysql.sys        |
| root             |
| user1            |
+------------------+
6 rows in set (0.00 sec)

mysql> -u user1 -p Shmegevod0;
ERROR 1064 (42000): You have an error in your SQL syntax; check the manual that corresponds to your MySQL server version for the right syntax to use near '-u user1 -p Shmegevod0' at line 1
mysql> mysql -u user1 -p Shmegevod0;
ERROR 1064 (42000): You have an error in your SQL syntax; check the manual that corresponds to your MySQL server version for the right syntax to use near 'mysql -u user1 -p Shmegevod0' at line 1
mysql> mysql -u user1 -p 
    -> Shmegevod0
    -> 

^C
mysql> exit
Bye
youssef@youssef:~$ sudo service mysql status
[sudo] password for youssef: 
â— mysql.service - MySQL Community Server
   Loaded: loaded (/lib/systemd/system/mysql.service; enabled; vendor preset: enabled)
   Active: active (running) since Sat 2020-08-15 21:41:06 EEST; 12h ago
  Process: 28318 ExecStart=/usr/sbin/mysqld --daemonize --pid-file=/run/mysqld/mysqld.pid (code=exited, status=0/SUCCESS)
  Process: 28309 ExecStartPre=/usr/share/mysql/mysql-systemd-start pre (code=exited, status=0/SUCCESS)
 Main PID: 28320 (mysqld)
    Tasks: 28 (limit: 4592)
   CGroup: /system.slice/mysql.service
           â””â”€28320 /usr/sbin/mysqld --daemonize --pid-file=/run/mysqld/mysqld.pid

Aug 15 21:41:06 youssef systemd[1]: Starting MySQL Community Server...
Aug 15 21:41:06 youssef systemd[1]: Started MySQL Community Server.
youssef@youssef:~$ 

